// Jest Snapshot v1, https://goo.gl/fbAQLP

exports[`App Component Renders App component as expected 1`] = `
<div
  className="App"
>
  <div
    className="display"
  >
    <h1>
      0
    </h1>
  </div>
  <div
    className="ButtonPanel"
  >
    <div>
      <div
        className="Button "
      >
        <button
          onClick={[Function]}
          type="button"
        >
          AC
        </button>
      </div>
      <div
        className="Button "
      >
        <button
          onClick={[Function]}
          type="button"
        >
          +/-
        </button>
      </div>
      <div
        className="Button "
      >
        <button
          onClick={[Function]}
          type="button"
        >
          %
        </button>
      </div>
      <div
        className="Button defaultBg"
      >
        <button
          onClick={[Function]}
          type="button"
        >
          รท
        </button>
      </div>
    </div>
    <div>
      <div
        className="Button "
      >
        <button
          onClick={[Function]}
          type="button"
        >
          7
        </button>
      </div>
      <div
        className="Button "
      >
        <button
          onClick={[Function]}
          type="button"
        >
          8
        </button>
      </div>
      <div
        className="Button "
      >
        <button
          onClick={[Function]}
          type="button"
        >
          9
        </button>
      </div>
      <div
        className="Button defaultBg"
      >
        <button
          onClick={[Function]}
          type="button"
        >
          X
        </button>
      </div>
    </div>
    <div>
      <div
        className="Button "
      >
        <button
          onClick={[Function]}
          type="button"
        >
          4
        </button>
      </div>
      <div
        className="Button "
      >
        <button
          onClick={[Function]}
          type="button"
        >
          5
        </button>
      </div>
      <div
        className="Button "
      >
        <button
          onClick={[Function]}
          type="button"
        >
          6
        </button>
      </div>
      <div
        className="Button defaultBg"
      >
        <button
          onClick={[Function]}
          type="button"
        >
          -
        </button>
      </div>
    </div>
    <div>
      <div
        className="Button "
      >
        <button
          onClick={[Function]}
          type="button"
        >
          1
        </button>
      </div>
      <div
        className="Button "
      >
        <button
          onClick={[Function]}
          type="button"
        >
          2
        </button>
      </div>
      <div
        className="Button "
      >
        <button
          onClick={[Function]}
          type="button"
        >
          3
        </button>
      </div>
      <div
        className="Button defaultBg"
      >
        <button
          onClick={[Function]}
          type="button"
        >
          +
        </button>
      </div>
    </div>
    <div>
      <div
        className="zeroButton "
      >
        <button
          onClick={[Function]}
          type="button"
        >
          0
        </button>
      </div>
      <div
        className="Button "
      >
        <button
          onClick={[Function]}
          type="button"
        >
          .
        </button>
      </div>
      <div
        className="Button defaultBg"
      >
        <button
          onClick={[Function]}
          type="button"
        >
          =
        </button>
      </div>
    </div>
  </div>
</div>
`;
