// Jest Snapshot v1, https://goo.gl/fbAQLP

exports[`Quote Component Renders Quote component as expected 1`] = `
<div
  className="Quote"
>
  <h1>
    Quote 'Em Up
  </h1>
  <div
    className="main main-bg-color"
  >
    “Knowledge is a garden. If it isn’t cultivated, you can’t harvest it.”
  </div>
  <div
    className="author main-bg-color"
  >
    AFRICAN PROVERB
  </div>
</div>
`;
